mapVersion=4
{
  "width" : 25,
  "height" : 25,
  "name" : "Clover",
  "basePositions" : {
    "1" : {
      "x" : 9,
      "y" : 9
    },
    "2" : {
      "x" : 15,
      "y" : 9
    },
    "3" : {
      "x" : 9,
      "y" : 15
    },
    "4" : {
      "x" : 15,
      "y" : 15
    }
  },
  "maxResources" : 25,
  "resourceFields" : [ {
    "x" : 15,
    "y" : 3
  }, {
    "x" : 15,
    "y" : 4
  }, {
    "x" : 11,
    "y" : 3
  }, {
    "x" : 7,
    "y" : 3
  }, {
    "x" : 7,
    "y" : 4
  }, {
    "x" : 16,
    "y" : 3
  }, {
    "x" : 16,
    "y" : 4
  }, {
    "x" : 12,
    "y" : 3
  }, {
    "x" : 8,
    "y" : 3
  }, {
    "x" : 8,
    "y" : 4
  }, {
    "x" : 17,
    "y" : 3
  }, {
    "x" : 17,
    "y" : 4
  }, {
    "x" : 13,
    "y" : 3
  }, {
    "x" : 9,
    "y" : 3
  }, {
    "x" : 9,
    "y" : 4
  }, {
    "x" : 18,
    "y" : 3
  }, {
    "x" : 18,
    "y" : 4
  }, {
    "x" : 6,
    "y" : 3
  }, {
    "x" : 6,
    "y" : 4
  }, {
    "x" : 11,
    "y" : 21
  }, {
    "x" : 11,
    "y" : 22
  }, {
    "x" : 12,
    "y" : 21
  }, {
    "x" : 12,
    "y" : 22
  }, {
    "x" : 13,
    "y" : 21
  }, {
    "x" : 13,
    "y" : 22
  }, {
    "x" : 2,
    "y" : 11
  }, {
    "x" : 2,
    "y" : 12
  }, {
    "x" : 2,
    "y" : 13
  }, {
    "x" : 3,
    "y" : 11
  }, {
    "x" : 3,
    "y" : 12
  }, {
    "x" : 3,
    "y" : 13
  }, {
    "x" : 21,
    "y" : 11
  }, {
    "x" : 21,
    "y" : 12
  }, {
    "x" : 21,
    "y" : 13
  }, {
    "x" : 22,
    "y" : 11
  }, {
    "x" : 22,
    "y" : 12
  }, {
    "x" : 22,
    "y" : 13
  }, {
    "x" : 18,
    "y" : 20
  }, {
    "x" : 18,
    "y" : 21
  }, {
    "x" : 6,
    "y" : 20
  }, {
    "x" : 6,
    "y" : 21
  }, {
    "x" : 15,
    "y" : 20
  }, {
    "x" : 15,
    "y" : 21
  }, {
    "x" : 7,
    "y" : 20
  }, {
    "x" : 7,
    "y" : 21
  }, {
    "x" : 16,
    "y" : 20
  }, {
    "x" : 16,
    "y" : 21
  }, {
    "x" : 8,
    "y" : 20
  }, {
    "x" : 8,
    "y" : 21
  }, {
    "x" : 17,
    "y" : 20
  }, {
    "x" : 17,
    "y" : 21
  }, {
    "x" : 9,
    "y" : 20
  }, {
    "x" : 9,
    "y" : 21
  }, {
    "x" : 3,
    "y" : 6
  }, {
    "x" : 3,
    "y" : 7
  }, {
    "x" : 3,
    "y" : 8
  }, {
    "x" : 3,
    "y" : 9
  }, {
    "x" : 3,
    "y" : 15
  }, {
    "x" : 3,
    "y" : 16
  }, {
    "x" : 3,
    "y" : 17
  }, {
    "x" : 3,
    "y" : 18
  }, {
    "x" : 20,
    "y" : 6
  }, {
    "x" : 20,
    "y" : 7
  }, {
    "x" : 20,
    "y" : 8
  }, {
    "x" : 20,
    "y" : 9
  }, {
    "x" : 20,
    "y" : 15
  }, {
    "x" : 20,
    "y" : 16
  }, {
    "x" : 20,
    "y" : 17
  }, {
    "x" : 20,
    "y" : 18
  }, {
    "x" : 4,
    "y" : 6
  }, {
    "x" : 4,
    "y" : 7
  }, {
    "x" : 4,
    "y" : 8
  }, {
    "x" : 4,
    "y" : 9
  }, {
    "x" : 4,
    "y" : 15
  }, {
    "x" : 4,
    "y" : 16
  }, {
    "x" : 4,
    "y" : 17
  }, {
    "x" : 4,
    "y" : 18
  }, {
    "x" : 21,
    "y" : 6
  }, {
    "x" : 21,
    "y" : 7
  }, {
    "x" : 21,
    "y" : 8
  }, {
    "x" : 21,
    "y" : 9
  }, {
    "x" : 21,
    "y" : 15
  }, {
    "x" : 21,
    "y" : 16
  }, {
    "x" : 21,
    "y" : 17
  }, {
    "x" : 21,
    "y" : 18
  }, {
    "x" : 11,
    "y" : 2
  }, {
    "x" : 12,
    "y" : 2
  }, {
    "x" : 13,
    "y" : 2
  }, {
    "x" : 23,
    "y" : 11
  }, {
    "x" : 23,
    "y" : 12
  }, {
    "x" : 23,
    "y" : 13
  }, {
    "x" : 11,
    "y" : 1
  }, {
    "x" : 11,
    "y" : 23
  }, {
    "x" : 12,
    "y" : 1
  }, {
    "x" : 12,
    "y" : 23
  }, {
    "x" : 13,
    "y" : 1
  }, {
    "x" : 1,
    "y" : 11
  }, {
    "x" : 13,
    "y" : 23
  }, {
    "x" : 1,
    "y" : 12
  }, {
    "x" : 1,
    "y" : 13
  } ],
  "descriptors" : [ ]
}
OOOOOOOOOOOOOOOOOOOOOOOOO
O                       O
O ~~~OOOOOO   OOOOOO~~~ O
O ~~~O    O   O    O~~~ O
O ~~~O    O   O    O~~~ O
O OOOO    O   O    OOOO O
O O                   O O
O O                   O O
O O         ~         O O
O O      B  ~  B      O O
O OOOO      ~      OOOO O
O                       O
O       ~~~   ~~~       O
O                       O
O OOOO      ~      OOOO O
O O      B  ~  B      O O
O O         ~         O O
O O                   O O
O O                   O O
O OOOO    O   O    OOOO O
O ~~~O    O   O    O~~~ O
O ~~~O    O   O    O~~~ O
O ~~~OOOOOO   OOOOOO~~~ O
O                       O
OOOOOOOOOOOOOOOOOOOOOOOOO
