mapVersion=4
{
  "width" : 49,
  "height" : 49,
  "name" : "Swirl",
  "basePositions" : {
    "1" : {
      "x" : 9,
      "y" : 27
    },
    "2" : {
      "x" : 21,
      "y" : 9
    },
    "3" : {
      "x" : 39,
      "y" : 21
    },
    "4" : {
      "x" : 27,
      "y" : 39
    },
    "5" : {
      "x" : 12,
      "y" : 16
    },
    "6" : {
      "x" : 32,
      "y" : 12
    },
    "7" : {
      "x" : 16,
      "y" : 36
    },
    "8" : {
      "x" : 36,
      "y" : 32
    }
  },
  "maxResources" : 31,
  "resourceFields" : [ {
    "x" : 25,
    "y" : 24
  }, {
    "x" : 26,
    "y" : 25
  }, {
    "x" : 23,
    "y" : 24
  }, {
    "x" : 43,
    "y" : 16
  }, {
    "x" : 24,
    "y" : 23
  }, {
    "x" : 16,
    "y" : 5
  }, {
    "x" : 24,
    "y" : 25
  }, {
    "x" : 24,
    "y" : 22
  }, {
    "x" : 22,
    "y" : 24
  }, {
    "x" : 25,
    "y" : 22
  }, {
    "x" : 26,
    "y" : 24
  }, {
    "x" : 25,
    "y" : 25
  }, {
    "x" : 25,
    "y" : 23
  }, {
    "x" : 5,
    "y" : 32
  }, {
    "x" : 24,
    "y" : 24
  }, {
    "x" : 23,
    "y" : 26
  }, {
    "x" : 23,
    "y" : 25
  }, {
    "x" : 32,
    "y" : 43
  }, {
    "x" : 24,
    "y" : 26
  }, {
    "x" : 22,
    "y" : 23
  }, {
    "x" : 23,
    "y" : 23
  }, {
    "x" : 6,
    "y" : 11
  }, {
    "x" : 4,
    "y" : 9
  }, {
    "x" : 5,
    "y" : 10
  }, {
    "x" : 37,
    "y" : 6
  }, {
    "x" : 38,
    "y" : 5
  }, {
    "x" : 39,
    "y" : 4
  }, {
    "x" : 43,
    "y" : 38
  }, {
    "x" : 44,
    "y" : 39
  }, {
    "x" : 42,
    "y" : 37
  }, {
    "x" : 9,
    "y" : 44
  }, {
    "x" : 10,
    "y" : 43
  }, {
    "x" : 11,
    "y" : 42
  }, {
    "x" : 47,
    "y" : 28
  }, {
    "x" : 2,
    "y" : 20
  }, {
    "x" : 28,
    "y" : 1
  }, {
    "x" : 28,
    "y" : 2
  }, {
    "x" : 28,
    "y" : 3
  }, {
    "x" : 28,
    "y" : 4
  }, {
    "x" : 44,
    "y" : 28
  }, {
    "x" : 3,
    "y" : 20
  }, {
    "x" : 45,
    "y" : 28
  }, {
    "x" : 4,
    "y" : 20
  }, {
    "x" : 20,
    "y" : 44
  }, {
    "x" : 20,
    "y" : 45
  }, {
    "x" : 20,
    "y" : 46
  }, {
    "x" : 20,
    "y" : 47
  }, {
    "x" : 46,
    "y" : 28
  }, {
    "x" : 1,
    "y" : 20
  } ],
  "descriptors" : [ ]
}
OOOOOOOOOOOOOOOOOOOOOOOOOOOOOOOOOOOOOOOOOOOOOOOOO
O~~~~~~                  ~         ~~O     ~~~~~O
O~~~~~~ ~               ~             ~~ ~ ~~~~~O
O~~~~~~~~~                             ~   ~~~~~O
O~~~~~~~~~~    OOOO                     ~~~~~~~~O
O~~~~~~~~~~    O OOO     O ~~~     OO    ~~~~~~~O
O   ~~~~~~~   OOO OOO       ~~    OOO     ~~~~~~O
O ~ ~~    ~       OOOO      ~~    OOOOO   ~~~~  O
O   ~              OO     ~ ~       OOOO  ~~~~~ O
O ~~    O     ~~~    B   ~~~ ~ ~~~        ~~~~  O
O ~    OO O   ~~~~~     ~~~       ~   O  ~~~~   O
OO     OO    ~~~~~~~~   ~~~ ~~   ~~~            O
O~   OOOO   ~~~~~~~~     ~~~~   B ~~~           O
O~   OOO   ~~~~~~~ ~~    ~~~~~   ~~~~~          O
O     OO  ~~~~~~~  ~~~~           ~~~~~~  O     O
O        ~ ~ ~      ~~~           ~~~~~~  OOO   O
O        ~  B        ~~~          ~~~~~~  O O   O
O        ~            ~            ~~~~    OO   O
O                                   ~~~  OOOO   O
O    ~~~ ~ ~ ~         OO         ~~~~  OOOO    O
O    ~~~~  ~~~       OOOO        ~~~ ~  OOO     O
O    ~   ~  ~~       OO O  OO   ~~~    B O      O
O       ~~~~~~             OO  ~~~~             O
O~   O   ~~~~~              OO  ~               O
O ~       ~~       OOO     OOO       ~~       ~ O
O               ~  OO              ~~~~~   O   ~O
O             ~~~~  OO             ~~~~~~       O
O      O B    ~~~   OO  O OO       ~~  ~   ~    O
O     OOO  ~ ~~~        OOOO       ~~~  ~~~~    O
O    OOOO  ~~~~         OO         ~ ~ ~ ~~~    O
O   OOOO  ~~~                                   O
O   OO    ~~~~            ~            ~        O
O   O O  ~~~~~~          ~~~        B  ~        O
O   OOO  ~~~~~~           ~~~      ~ ~ ~        O
O     O  ~~~~~~           ~~~~  ~~~~~~~  OO     O
O          ~~~~~   ~~~~~    ~~ ~~~~~~~   OOO   ~O
O           ~~~ B   ~~~~     ~~~~~~~~   OOOO   ~O
O            ~~~   ~~ ~~~   ~~~~~~~~    OO     OO
O   ~~~~  O   ~       ~~~     ~~~~~   O OO    ~ O
O  ~~~~        ~~~ ~ ~~~   B    ~~~     O    ~~ O
O ~~~~~  OOOO       ~ ~     OO              ~   O
O  ~~~~   OOOOO    ~~      OOOO       ~    ~~ ~ O
O~~~~~~     OOO    ~~       OOO OOO   ~~~~~~~   O
O~~~~~~~    OO     ~~~ O     OOO O    ~~~~~~~~~~O
O~~~~~~~~                     OOOO    ~~~~~~~~~~O
O~~~~~   ~                             ~~~~~~~~~O
O~~~~~ ~ ~~             ~               ~ ~~~~~~O
O~~~~~     O~~         ~                  ~~~~~~O
OOOOOOOOOOOOOOOOOOOOOOOOOOOOOOOOOOOOOOOOOOOOOOOOO
