mapVersion=4
{
  "width" : 30,
  "height" : 30,
  "name" : "Treasure Island",
  "basePositions" : {
    "1" : {
      "x" : 26,
      "y" : 4
    },
    "2" : {
      "x" : 3,
      "y" : 25
    }
  },
  "maxResources" : 30,
  "resourceFields" : [ {
    "x" : 3,
    "y" : 3
  }, {
    "x" : 2,
    "y" : 4
  }, {
    "x" : 3,
    "y" : 4
  }, {
    "x" : 15,
    "y" : 10
  }, {
    "x" : 16,
    "y" : 10
  }, {
    "x" : 17,
    "y" : 10
  }, {
    "x" : 8,
    "y" : 6
  }, {
    "x" : 21,
    "y" : 23
  }, {
    "x" : 26,
    "y" : 25
  }, {
    "x" : 27,
    "y" : 25
  }, {
    "x" : 26,
    "y" : 26
  }, {
    "x" : 12,
    "y" : 19
  }, {
    "x" : 13,
    "y" : 19
  }, {
    "x" : 14,
    "y" : 19
  }, {
    "x" : 13,
    "y" : 13
  }, {
    "x" : 14,
    "y" : 13
  }, {
    "x" : 15,
    "y" : 13
  }, {
    "x" : 16,
    "y" : 13
  }, {
    "x" : 13,
    "y" : 14
  }, {
    "x" : 13,
    "y" : 15
  }, {
    "x" : 12,
    "y" : 14
  }, {
    "x" : 13,
    "y" : 16
  }, {
    "x" : 14,
    "y" : 15
  }, {
    "x" : 14,
    "y" : 16
  }, {
    "x" : 15,
    "y" : 16
  }, {
    "x" : 15,
    "y" : 14
  }, {
    "x" : 16,
    "y" : 14
  }, {
    "x" : 16,
    "y" : 15
  }, {
    "x" : 16,
    "y" : 16
  }, {
    "x" : 17,
    "y" : 15
  } ],
  "descriptors" : [ ]
}
OOOOOOOOOOOOOOOOOOOOOOOOOOOOOO
O~~~~~~~~~~~~~~~~~~~~~~~~~~~~O
O~~~~~~~~~~~~~~~~~~~~~~~   ~~O
O~~  ~~~~~~~~~~~~~~~~~~     ~O
O~                       OB  O
O~  ~~~  ~~~~~~~    ~~~  OO  O
O~~ ~~~~ ~~~~~~~~  ~~~~~     O
O~~ ~~~~~~~~~~~~   ~~~~~~   ~O
O~~  ~~~~~~~~~~  O ~~~~~~~ ~~O
O~~                ~~~~~~~ ~~O
O~~  ~~~~~~~~~~   ~~~~~~~~ ~~O
O~~ ~~~~~~~~~~~~~~~~~~~~~~ ~~O
O~~ ~~~~~~~~~~~~~~~~~~~~~  ~~O
O~~ ~~~  ~~~~    ~~~~~~~   ~~O
O~~ O~    ~~  O            ~~O
O~~            O  ~~    ~O ~~O
O~~   ~~~~~~~    ~~~~  ~~~ ~~O
O~~  ~~~~~~~~~~~~~~~~~~~~~ ~~O
O~~ ~~~~~~~~~~~~~~~~~~~~~~ ~~O
O~~ ~~~~~~~~   ~~~~~~~~~~  ~~O
O~~ ~~~~~~~                ~~O
O~~ ~~~~~~~ O  ~~~~~~~~~~  ~~O
O~   ~~~~~~   ~~~~~~~~~~~~ ~~O
O     ~~~~~  ~~~~~~~~ ~~~~ ~~O
O  OO  ~~~    ~~~~~~~  ~~~  ~O
O  BO                       ~O
O~     ~~~~~~~~~~~~~~~~~~  ~~O
O~~   ~~~~~~~~~~~~~~~~~~~~~~~O
O~~~~~~~~~~~~~~~~~~~~~~~~~~~~O
OOOOOOOOOOOOOOOOOOOOOOOOOOOOOO
